current directory: /home/runner/work/stagehand-module/stagehand-module/.vendor/bundle/ruby/3.2.0/gems/fiddle-1.1.8/ext/fiddle
/usr/bin/ruby3.2 -I/usr/lib/ruby/vendor_ruby extconf.rb
checking for --enable-debug-build option... no
checking for ffi.h... yes
checking for -lffi... yes
libffi_version: 3.4.6
checking for sys/mman.h... yes
checking for link.h... yes
checking for dlfcn.h... yes
checking for -ldl... yes
checking for dlopen()... yes
checking for dlclose()... yes
checking for dlsym()... yes
checking for dlerror()... yes
checking for dlinfo()... yes
checking for RTLD_DI_LINKMAP in dlfcn.h... yes
checking for FFI_STDCALL in ffi.h... no
checking signedness of size_t... unsigned
checking for rb_str_to_interned_str()... yes
creating Makefile

current directory: /home/runner/work/stagehand-module/stagehand-module/.vendor/bundle/ruby/3.2.0/gems/fiddle-1.1.8/ext/fiddle
make DESTDIR\= sitearchdir\=./.gem.20260828-4106-zsoby7 sitelibdir\=./.gem.20260828-4106-zsoby7 clean

current directory: /home/runner/work/stagehand-module/stagehand-module/.vendor/bundle/ruby/3.2.0/gems/fiddle-1.1.8/ext/fiddle
make DESTDIR\= sitearchdir\=./.gem.20260828-4106-zsoby7 sitelibdir\=./.gem.20260828-4106-zsoby7
compiling closure.c
compiling conversions.c
compiling fiddle.c
compiling function.c
compiling handle.c
compiling memory_view.c
compiling pinned.c
compiling pointer.c
linking shared-object fiddle.so

current directory: /home/runner/work/stagehand-module/stagehand-module/.vendor/bundle/ruby/3.2.0/gems/fiddle-1.1.8/ext/fiddle
make DESTDIR\= sitearchdir\=./.gem.20260828-4106-zsoby7 sitelibdir\=./.gem.20260828-4106-zsoby7 install
/usr/bin/install -c -m 0755 fiddle.so ./.gem.20260828-4106-zsoby7

current directory: /home/runner/work/stagehand-module/stagehand-module/.vendor/bundle/ruby/3.2.0/gems/fiddle-1.1.8/ext/fiddle
make DESTDIR\= sitearchdir\=./.gem.20260828-4106-zsoby7 sitelibdir\=./.gem.20260828-4106-zsoby7 clean
